<area shape="rect" id="node1" href="AirFrame.html" title="Packet AirFrame" alt="" coords="16,6,89,31">
<area shape="rect" id="node2" href="AirFrame11p.html" title="Message AirFrame11p" alt="" coords="5,81,101,106">
<area shape="rect" id="node3" href="AODVVANETControlPacket.html" title="Packet AODVVANETControlPacket" alt="" coords="362,6,549,31">
<area shape="rect" id="node4" href="AODVVANETRERR.html" title="Class AODVVANETRERR" alt="" coords="125,81,269,106">
<area shape="rect" id="node5" href="AODVVANETRREP.html" title="Class AODVVANETRREP" alt="" coords="294,81,436,106">
<area shape="rect" id="node6" href="AODVVANETRREPACK.html" title="Class AODVVANETRREPACK" alt="" coords="461,81,632,106">
<area shape="rect" id="node7" href="AODVVANETRREQ.html" title="Class AODVVANETRREQ" alt="" coords="656,81,800,106">
<area shape="rect" id="node8" href="AODVVANETControlPacketType.html" title="Enum AODVVANETControlPacketType" alt="" coords="574,6,791,31">
<area shape="rect" id="node9" href="BorderMsg.html" title="Packet BorderMsg" alt="" coords="816,6,901,31">
<area shape="rect" id="node10" href="ChannelSenseRequest.html" title="Packet ChannelSenseRequest" alt="" coords="926,6,1081,31">
<area shape="rect" id="node11" href="ControlVanetRouting.html" title="Packet ControlVanetRouting" alt="" coords="1106,6,1248,31">
<area shape="rect" id="node12" href="Mac80211Pkt.html" title="Packet Mac80211Pkt" alt="" coords="1258,81,1360,106">
<area shape="rect" id="node13" href="MacPkt.html" title="Packet MacPkt" alt="" coords="1273,6,1345,31">
<area shape="rect" id="node14" href="MeshControlInfo.html" title="Class MeshControlInfo" alt="" coords="1385,81,1503,106">
<area shape="rect" id="node15" href="../../../inetmanet-2.0/doc/neddoc/Ieee802Ctrl.html" title="Class Ieee802Ctrl" alt="" coords="1399,6,1488,31">
<area shape="rect" id="node16" href="PhyControlMessage.html" title="Message PhyControlMessage" alt="" coords="1513,6,1652,31">
<area shape="rect" id="node17" href="SenseMode.html" title="Enum SenseMode" alt="" coords="1677,6,1768,31">
<area shape="rect" id="node18" href="UnreachableAODVNode.html" title="Struct UnreachableAODVNode" alt="" coords="1793,6,1956,31">
<area shape="rect" id="node19" href="Vanet_ControlInfoBreakLink.html" title="Class Vanet_ControlInfoBreakLink" alt="" coords="1981,6,2165,31">
<area shape="rect" id="node20" href="Vanet_LocatorNotificationInfo.html" title="Class Vanet_LocatorNotificationInfo" alt="" coords="2191,6,2385,31">
<area shape="rect" id="node21" href="VanetControlType.html" title="Enum VanetControlType" alt="" coords="2410,6,2536,31">
<area shape="rect" id="node22" href="WaitForAODVVANETRREP.html" title="Message WaitForAODVVANETRREP" alt="" coords="2561,6,2751,31">
<area shape="rect" id="node23" href="WaveShortMessage.html" title="Packet WaveShortMessage" alt="" coords="2775,6,2915,31">
