<area shape="rect" id="node1" href="vanetsim.vanetrouting.mobility.common.VANETMobilityBase.html" title="Simple Module VANETMobilityBase" alt="" coords="243,81,385,106">
<area shape="rect" id="node3" href="vanetsim.vanetrouting.mobility.single.aodvTraCIMobility.html" title="Simple Module aodvTraCIMobility" alt="" coords="5,155,133,181">
<area shape="rect" id="node4" href="vanetsim.vanetrouting.mobility.single.bitcarTraCIMobility.html" title="Simple Module bitcarTraCIMobility" alt="" coords="158,155,289,181">
<area shape="rect" id="node5" href="vanetsim.vanetrouting.mobility.common.MovingVANETMobilityBase.html" title="Simple Module MovingVANETMobilityBase" alt="" coords="315,155,499,181">
<area shape="rect" id="node6" href="vanetsim.vanetrouting.mobility.single.rbvtrTraCIMobility.html" title="Simple Module rbvtrTraCIMobility" alt="" coords="523,155,649,181">
<area shape="rect" id="node2" href="vanetsim.vanetrouting.mobility.contract.IVANETMobility.html" title="Module Interface IVANETMobility" alt="" coords="257,6,372,31">
