<area shape="rect" id="node1" href="vanetsim.simulations.traci_launchd.Car.html" title="Compound Module Car" alt="" coords="568,6,640,31">
<area shape="rect" id="node2" href="../../../inetmanet-2.0/doc/neddoc/inet.mobility.single.TraCIMobility.html" title="Simple Module TraCIMobility" alt="" coords="5,81,104,106">
<area shape="rect" id="node3" href="../../../inetmanet-2.0/doc/neddoc/inet.networklayer.common.InterfaceTable.html" title="Simple Module InterfaceTable" alt="" coords="129,81,233,106">
<area shape="rect" id="node4" href="../../../inetmanet-2.0/doc/neddoc/inet.networklayer.ipv4.RoutingTable.html" title="Simple Module RoutingTable" alt="" coords="259,81,357,106">
<area shape="rect" id="node5" href="../../../inetmanet-2.0/doc/neddoc/inet.transport.udp.UDP.html" title="Simple Module UDP" alt="" coords="381,81,453,106">
<area shape="rect" id="node6" href="../../../inetmanet-2.0/doc/neddoc/inet.nodes.inet.NetworkLayer.html" title="Compound Module NetworkLayer" alt="" coords="478,81,580,106">
<area shape="rect" id="node7" href="../../../inetmanet-2.0/doc/neddoc/inet.networklayer.autorouting.ipv4.HostAutoConfigurator.html" title="Simple Module HostAutoConfigurator" alt="" coords="605,81,752,106">
<area shape="rect" id="node8" href="../../../inetmanet-2.0/doc/neddoc/inet.linklayer.ieee80211.Ieee80211Nic.html" title="Compound Module Ieee80211Nic" alt="" coords="777,81,879,106">
<area shape="rect" id="node9" href="ned.IdealChannel.html" title="Channel IdealChannel" alt="" coords="904,81,1003,106">
<area shape="rect" id="node10" href="../../../inetmanet-2.0/doc/neddoc/inet.applications.traci.TraCIDemo.html" title="Simple Module TraCIDemo" alt="" coords="1027,81,1117,106">
<area shape="rect" id="node11" href="../../../inetmanet-2.0/doc/neddoc/inet.base.NotificationBoard.html" title="Simple Module NotificationBoard" alt="" coords="1141,81,1264,106">
