<area shape="rect" id="node1" href="vanetsim.simulations._nodes.RSU.html" title="Compound Module RSU" alt="" coords="444,81,516,106">
<area shape="rect" id="node2" href="../../../inetmanet-2.0/doc/neddoc/inet.networklayer.common.InterfaceTable.html" title="Simple Module InterfaceTable" alt="" coords="5,155,109,181">
<area shape="rect" id="node3" href="../../../inetmanet-2.0/doc/neddoc/inet.networklayer.ipv4.RoutingTable.html" title="Simple Module RoutingTable" alt="" coords="135,155,233,181">
<area shape="rect" id="node4" href="../../../inetmanet-2.0/doc/neddoc/inet.mobility.contract.IMobility.html" title="Module Interface IMobility" alt="" coords="257,155,329,181">
<area shape="rect" id="node5" href="../../../inetmanet-2.0/doc/neddoc/inet.nodes.inet.NetworkLayer.html" title="Compound Module NetworkLayer" alt="" coords="354,155,456,181">
<area shape="rect" id="node6" href="../../../inetmanet-2.0/doc/neddoc/inet.networklayer.autorouting.ipv4.HostAutoConfigurator.html" title="Simple Module HostAutoConfigurator" alt="" coords="481,155,628,181">
<area shape="rect" id="node7" href="../../../inetmanet-2.0/doc/neddoc/inet.linklayer.ieee80211.Ieee80211Nic.html" title="Compound Module Ieee80211Nic" alt="" coords="653,155,755,181">
<area shape="rect" id="node8" href="ned.IdealChannel.html" title="Channel IdealChannel" alt="" coords="780,155,879,181">
<area shape="rect" id="node9" href="../../../inetmanet-2.0/doc/neddoc/inet.base.NotificationBoard.html" title="Simple Module NotificationBoard" alt="" coords="903,155,1025,181">
<area shape="rect" id="node10" href="vanetsim.simulations.aodv.AODVSim.html" title="Network AODVSim" alt="" coords="380,6,461,31">
<area shape="rect" id="node11" href="vanetsim.simulations.aodvuu.AODVUUSim.html" title="Network AODVUUSim" alt="" coords="487,6,589,31">
