<area shape="rect" id="node1" href="vanetsim.simulations._nodes.AODVCar.html" title="Compound Module AODVCar" alt="" coords="906,6,987,31">
<area shape="rect" id="node2" href="../../../inetmanet-2.0/doc/neddoc/inet.world.radio.ChannelControl.html" title="Simple Module ChannelControl" alt="" coords="5,81,116,106">
<area shape="rect" id="node3" href="ned.IdealChannel.html" title="Channel IdealChannel" alt="" coords="141,81,240,106">
<area shape="rect" id="node4" href="../../../inetmanet-2.0/doc/neddoc/inet.networklayer.autorouting.ipv4.IPv4NetworkConfigurator.html" title="Simple Module IPv4NetworkConfigurator" alt="" coords="265,81,433,106">
<area shape="rect" id="node5" href="../../../inetmanet-2.0/doc/neddoc/inet.transport.udp.UDP.html" title="Simple Module UDP" alt="" coords="459,81,531,106">
<area shape="rect" id="node6" href="../../../inetmanet-2.0/doc/neddoc/inet.networklayer.ipv4.RoutingTable.html" title="Simple Module RoutingTable" alt="" coords="555,81,653,106">
<area shape="rect" id="node7" href="../../../inetmanet-2.0/doc/neddoc/inet.base.LifecycleController.html" title="Simple Module LifecycleController" alt="" coords="677,81,807,106">
<area shape="rect" id="node8" href="../../../inetmanet-2.0/doc/neddoc/inet.linklayer.ieee80211.Ieee80211Nic.html" title="Compound Module Ieee80211Nic" alt="" coords="833,81,935,106">
<area shape="rect" id="node9" href="../../../inetmanet-2.0/doc/neddoc/inet.nodes.inet.NetworkLayer.html" title="Compound Module NetworkLayer" alt="" coords="959,81,1061,106">
<area shape="rect" id="node10" href="../../../inetmanet-2.0/doc/neddoc/inet.networklayer.common.InterfaceTable.html" title="Simple Module InterfaceTable" alt="" coords="1086,81,1191,106">
<area shape="rect" id="node11" href="../../../inetmanet-2.0/doc/neddoc/inet.networklayer.autorouting.ipv4.HostAutoConfigurator.html" title="Simple Module HostAutoConfigurator" alt="" coords="1215,81,1363,106">
<area shape="rect" id="node12" href="../../../inetmanet-2.0/doc/neddoc/inet.applications.traci.TraCIDemo.html" title="Simple Module TraCIDemo" alt="" coords="1388,81,1479,106">
<area shape="rect" id="node13" href="../../../inetmanet-2.0/doc/neddoc/inet.nodes.aodv.AODVRouter.html" title="Compound Module AODVRouter" alt="" coords="1503,81,1601,106">
<area shape="rect" id="node14" href="../../../inetmanet-2.0/doc/neddoc/inet.mobility.contract.IMobility.html" title="Module Interface IMobility" alt="" coords="1625,81,1697,106">
<area shape="rect" id="node15" href="../../../inetmanet-2.0/doc/neddoc/inet.base.NotificationBoard.html" title="Simple Module NotificationBoard" alt="" coords="1721,81,1844,106">
