<area shape="rect" id="node1" href="vanetsim.simulations._nodes.AODVVANETRSU.html" title="Compound Module AODVVANETRSU" alt="" coords="426,6,560,31">
<area shape="rect" id="node2" href="ned.IdealChannel.html" title="Channel IdealChannel" alt="" coords="5,81,104,106">
<area shape="rect" id="node3" href="../../../inetmanet-2.0/doc/neddoc/inet.networklayer.ipv4.RoutingTable.html" title="Simple Module RoutingTable" alt="" coords="128,81,227,106">
<area shape="rect" id="node4" href="../../../inetmanet-2.0/doc/neddoc/inet.linklayer.ieee80211.Ieee80211Nic.html" title="Compound Module Ieee80211Nic" alt="" coords="251,81,353,106">
<area shape="rect" id="node5" href="../../../inetmanet-2.0/doc/neddoc/inet.nodes.inet.NetworkLayer.html" title="Compound Module NetworkLayer" alt="" coords="378,81,480,106">
<area shape="rect" id="node6" href="../../../inetmanet-2.0/doc/neddoc/inet.networklayer.common.InterfaceTable.html" title="Simple Module InterfaceTable" alt="" coords="505,81,609,106">
<area shape="rect" id="node7" href="../../../inetmanet-2.0/doc/neddoc/inet.networklayer.autorouting.ipv4.HostAutoConfigurator.html" title="Simple Module HostAutoConfigurator" alt="" coords="634,81,781,106">
<area shape="rect" id="node8" href="vanetsim.vanetrouting.mobility.contract.IVANETMobility.html" title="Module Interface IVANETMobility" alt="" coords="806,81,921,106">
<area shape="rect" id="node9" href="../../../inetmanet-2.0/doc/neddoc/inet.base.NotificationBoard.html" title="Simple Module NotificationBoard" alt="" coords="947,81,1069,106">
