<area shape="rect" id="node1" href="vanetsim.simulations.traci_launchd.Car.html" title="Compound Module Car" alt="" coords="551,6,623,31">
<area shape="rect" id="node2" href="ned.IdealChannel.html" title="Channel IdealChannel" alt="" coords="5,81,104,106">
<area shape="rect" id="node3" href="../../../inetmanet-2.0/doc/neddoc/inet.transport.udp.UDP.html" title="Simple Module UDP" alt="" coords="128,81,200,106">
<area shape="rect" id="node4" href="../../../inetmanet-2.0/doc/neddoc/inet.networklayer.ipv4.RoutingTable.html" title="Simple Module RoutingTable" alt="" coords="224,81,323,106">
<area shape="rect" id="node5" href="../../../inetmanet-2.0/doc/neddoc/inet.linklayer.ieee80211.Ieee80211Nic.html" title="Compound Module Ieee80211Nic" alt="" coords="347,81,449,106">
<area shape="rect" id="node6" href="../../../inetmanet-2.0/doc/neddoc/inet.mobility.single.TraCIMobility.html" title="Simple Module TraCIMobility" alt="" coords="474,81,573,106">
<area shape="rect" id="node7" href="../../../inetmanet-2.0/doc/neddoc/inet.nodes.inet.NetworkLayer.html" title="Compound Module NetworkLayer" alt="" coords="598,81,700,106">
<area shape="rect" id="node8" href="../../../inetmanet-2.0/doc/neddoc/inet.networklayer.common.InterfaceTable.html" title="Simple Module InterfaceTable" alt="" coords="725,81,829,106">
<area shape="rect" id="node9" href="../../../inetmanet-2.0/doc/neddoc/inet.networklayer.autorouting.ipv4.HostAutoConfigurator.html" title="Simple Module HostAutoConfigurator" alt="" coords="854,81,1001,106">
<area shape="rect" id="node10" href="../../../inetmanet-2.0/doc/neddoc/inet.applications.traci.TraCIDemo.html" title="Simple Module TraCIDemo" alt="" coords="1027,81,1117,106">
<area shape="rect" id="node11" href="../../../inetmanet-2.0/doc/neddoc/inet.base.NotificationBoard.html" title="Simple Module NotificationBoard" alt="" coords="1141,81,1264,106">
