<area shape="rect" id="node1" href="vanetsim.simulations._nodes.AODVVANETCar.html" title="Compound Module AODVVANETCar" alt="" coords="851,6,977,31">
<area shape="rect" id="node2" href="../../../inetmanet-2.0/doc/neddoc/inet.networklayer.common.InterfaceTable.html" title="Simple Module InterfaceTable" alt="" coords="5,81,109,106">
<area shape="rect" id="node3" href="vanetsim.vanetrouting.mobility.contract.IVANETMobility.html" title="Module Interface IVANETMobility" alt="" coords="134,81,249,106">
<area shape="rect" id="node4" href="../../../inetmanet-2.0/doc/neddoc/inet.networklayer.ipv4.RoutingTable.html" title="Simple Module RoutingTable" alt="" coords="275,81,373,106">
<area shape="rect" id="node5" href="../../../inetmanet-2.0/doc/neddoc/inet.transport.udp.UDP.html" title="Simple Module UDP" alt="" coords="397,81,469,106">
<area shape="rect" id="node6" href="../../../inetmanet-2.0/doc/neddoc/inet.world.radio.ChannelControl.html" title="Simple Module ChannelControl" alt="" coords="493,81,604,106">
<area shape="rect" id="node7" href="../../../inetmanet-2.0/doc/neddoc/inet.networklayer.autorouting.ipv4.HostAutoConfigurator.html" title="Simple Module HostAutoConfigurator" alt="" coords="629,81,776,106">
<area shape="rect" id="node8" href="../../../inetmanet-2.0/doc/neddoc/inet.linklayer.ieee80211.Ieee80211Nic.html" title="Compound Module Ieee80211Nic" alt="" coords="801,81,903,106">
<area shape="rect" id="node9" href="ned.IdealChannel.html" title="Channel IdealChannel" alt="" coords="928,81,1027,106">
<area shape="rect" id="node10" href="../../../inetmanet-2.0/doc/neddoc/inet.base.NotificationBoard.html" title="Simple Module NotificationBoard" alt="" coords="1051,81,1173,106">
<area shape="rect" id="node11" href="vanetsim.nodes.AODVVANETRouter.html" title="Compound Module AODVVANETRouter" alt="" coords="1197,81,1341,106">
<area shape="rect" id="node12" href="../../../inetmanet-2.0/doc/neddoc/inet.networklayer.autorouting.ipv4.IPv4NetworkConfigurator.html" title="Simple Module IPv4NetworkConfigurator" alt="" coords="1366,81,1535,106">
<area shape="rect" id="node13" href="../../../inetmanet-2.0/doc/neddoc/inet.nodes.inet.NetworkLayer.html" title="Compound Module NetworkLayer" alt="" coords="1559,81,1661,106">
<area shape="rect" id="node14" href="vanetsim.vanetrouting.applications.traci.aodvTraCI.html" title="Simple Module aodvTraCI" alt="" coords="1687,81,1768,106">
<area shape="rect" id="node15" href="../../../inetmanet-2.0/doc/neddoc/inet.base.LifecycleController.html" title="Simple Module LifecycleController" alt="" coords="1793,81,1923,106">
